Called foo:  10
Called bar:  20
Called foo:  30
Called bar:  40
Called bar:  50
Called foo:  0
Vishesh
