{
  '0': 0,
  '2': 1,
  '4': 4,
  '6': 9,
  '8': 16,
  '10': 25,
  '12': 36,
  '14': 49,
  '16': 64,
  '18': 81
}
