(name John)
(city San Jose)
(occupation Driver)
#hash((occupation . Driver) (city . San Jose) (name . John))
